// Vitest Snapshot v1, https://vitest.dev/guide/snapshot.html

exports[`Button > renders with default props 1`] = `[Function]`;
